C51 COMPILER V7.06   CARBASIC                                                              07/03/2019 10:21:39 PAGE 1   


C51 COMPILER V7.06, COMPILATION OF MODULE CARBASIC
OBJECT MODULE PLACED IN carbasic.OBJ
COMPILER INVOKED BY: E:\Program Files (x86)\UV2\C51\BIN\C51.EXE carbasic.c BROWSE DEBUG OBJECTEXTEND

stmt level    source

   1          #include "carbasic.h"
   2          
   3          void motor_init(void){
   4   1              IN1=0;           //右1电机     高电平前进 
   5   1              IN2=0;           //右1电机     高电平后退
   6   1              IN3=0;           //右2电机     高电平后退
   7   1              IN4=0;           //右2电机     高电平前进
   8   1                      
   9   1              IN5=0;           //左1电机     高电平前进
  10   1              IN6=0;           //左1电机     高电平后退
  11   1              IN7=0;           //左2电机     高电平后退
  12   1              IN8=0;           //左2电机     高电平前进  
  13   1              
  14   1              EN1=0;
  15   1              EN2=0;
  16   1              EN3=0;
  17   1              EN4=0;  
  18   1      }
  19          
  20          
  21          void motor_disable(){
  22   1              EN1=0;
  23   1              EN2=0;
  24   1              EN3=0;
  25   1              EN4=0;
  26   1      }
  27          
  28          void forward(void){                                  //智能小车前进 
  29   1              //motor_enable();
  30   1      
  31   1              IN1=1;           //右1电机     高电平前进 
  32   1              IN2=0;           //右1电机     高电平后退
  33   1              IN3=0;           //右2电机     高电平后退
  34   1              IN4=1;           //右2电机     高电平前进
  35   1                      
  36   1              IN5=1;           //左1电机     高电平前进
  37   1              IN6=0;           //左1电机     高电平后退
  38   1              IN7=0;           //左2电机     高电平后退
  39   1              IN8=1;           //左2电机     高电平前进
  40   1      
  41   1      }
  42          
  43          void back(void){                                     //智能小车后退 
  44   1              //motor_enable();
  45   1              IN1=0;           //右1电机     高电平前进 
  46   1              IN2=1;           //右1电机     高电平后退
  47   1              IN3=1;           //右2电机     高电平后退
  48   1              IN4=0;           //右2电机     高电平前进
  49   1                      
  50   1              IN5=0;           //左1电机     高电平前进
  51   1              IN6=1;           //左1电机     高电平后退
  52   1              IN7=1;           //左2电机     高电平后退
  53   1              IN8=0;           //左2电机     高电平前进
  54   1      
  55   1      }
C51 COMPILER V7.06   CARBASIC                                                              07/03/2019 10:21:39 PAGE 2   

  56          
  57          void stop(void){                                     //智能小车停止 
  58   1              motor_disable();
  59   1              IN1=0;           //右1电机     高电平前进 
  60   1              IN2=0;           //右1电机     高电平后退
  61   1              IN3=0;           //右2电机     高电平后退
  62   1              IN4=0;           //右2电机     高电平前进
  63   1                      
  64   1              IN5=0;           //左1电机     高电平前进
  65   1              IN6=0;           //左1电机     高电平后退
  66   1              IN7=0;           //左2电机     高电平后退
  67   1              IN8=0;           //左2电机     高电平前进
  68   1      
  69   1      }
  70          
  71          
  72          void turn_right(void){                               //智能小车右转 
  73   1              //motor_enable();
  74   1              IN1=0;           //右1电机     高电平前进 
  75   1              IN2=0;           //右1电机     高电平后退
  76   1              IN3=0;           //右2电机     高电平后退
  77   1              IN4=0;           //右2电机     高电平前进
  78   1                      
  79   1              IN5=1;           //左1电机     高电平前进
  80   1              IN6=0;           //左1电机     高电平后退
  81   1              IN7=0;           //左2电机     高电平后退
  82   1              IN8=1;           //左2电机     高电平前进
  83   1      
  84   1      }
  85          
  86          void turn_left(void){                                //智能小车左转 
  87   1              //motor_enable();
  88   1              IN1=1;           //右1电机     高电平前进 
  89   1              IN2=0;           //右1电机     高电平后退
  90   1              IN3=0;           //右2电机     高电平后退
  91   1              IN4=1;           //右2电机     高电平前进
  92   1                      
  93   1              IN5=0;           //左1电机     高电平前进
  94   1              IN6=0;           //左1电机     高电平后退
  95   1              IN7=0;           //左2电机     高电平后退
  96   1              IN8=0;           //左2电机     高电平前进
  97   1      
  98   1      }
  99          
 100          void circle_right(void){                                     //智能小车右转圈
 101   1              //motor_enable();
 102   1              IN1=0;           //右1电机     高电平前进 
 103   1              IN2=1;           //右1电机     高电平后退
 104   1              IN3=1;           //右2电机     高电平后退
 105   1              IN4=0;           //右2电机     高电平前进
 106   1                      
 107   1              IN5=1;           //左1电机     高电平前进
 108   1              IN6=0;           //左1电机     高电平后退
 109   1              IN7=0;           //左2电机     高电平后退
 110   1              IN8=1;           //左2电机     高电平前进
 111   1      
 112   1      }
 113          
 114          void circle_left(void){                              //智能小车左转圈
 115   1              //motor_enable();
 116   1              IN1=1;           //右1电机     高电平前进 
 117   1              IN2=0;           //右1电机     高电平后退
C51 COMPILER V7.06   CARBASIC                                                              07/03/2019 10:21:39 PAGE 3   

 118   1              IN3=0;           //右2电机     高电平后退
 119   1              IN4=1;           //右2电机     高电平前进
 120   1                      
 121   1              IN5=0;           //左1电机     高电平前进
 122   1              IN6=1;           //左1电机     高电平后退
 123   1              IN7=1;           //左2电机     高电平后退
 124   1              IN8=0;           //左2电机     高电平前进
 125   1      
 126   1      }
 127          
 128          
 129          void forward_right(void){                                    //智能小车右前
 130   1              //motor_enable();
 131   1              IN1=1;           //右1电机     高电平前进 
 132   1              IN2=0;           //右1电机     高电平后退
 133   1              IN3=0;           //右2电机     高电平后退
 134   1              IN4=0;           //右2电机     高电平前进
 135   1                      
 136   1              IN5=1;           //左1电机     高电平前进
 137   1              IN6=0;           //左1电机     高电平后退
 138   1              IN7=0;           //左2电机     高电平后退
 139   1              IN8=1;           //左2电机     高电平前进
 140   1      
 141   1      }
 142          
 143          void forward_left(void){                                     //智能小车左前
 144   1              //motor_enable();
 145   1              IN1=1;           //右1电机     高电平前进 
 146   1              IN2=0;           //右1电机     高电平后退
 147   1              IN3=0;           //右2电机     高电平后退
 148   1              IN4=1;           //右2电机     高电平前进
 149   1                      
 150   1              IN5=1;           //左1电机     高电平前进
 151   1              IN6=0;           //左1电机     高电平后退
 152   1              IN7=0;           //左2电机     高电平后退
 153   1              IN8=0;           //左2电机     高电平前进
 154   1      
 155   1      }
 156          


MODULE INFORMATION:   STATIC OVERLAYABLE
   CODE SIZE        =    190    ----
   CONSTANT SIZE    =   ----    ----
   XDATA SIZE       =   ----    ----
   PDATA SIZE       =   ----    ----
   DATA SIZE        =   ----    ----
   IDATA SIZE       =   ----    ----
   BIT SIZE         =   ----    ----
END OF MODULE INFORMATION.


C51 COMPILATION COMPLETE.  0 WARNING(S),  0 ERROR(S)
